Generated by eOn

25.000000 25.000000 25.000000
90.000000 90.000000 90.000000


4
2 4 6 1
15.990000 12.011000 1.008000 32.065000
O
Coordinates of component   1
10.477713 12.379463 12.871778 0 1
9.838316 12.065258 10.599445 0 2
C
Coordinates of component   2
13.632107 12.976546 11.590461 0 3
12.574398 13.442847 10.828786 0 4
13.839846 11.585323 11.720681 0 5
13.015406 10.695876 11.089027 0 6
H
Coordinates of component   3
14.180164 13.651700 12.258033 0 7
12.293139 14.494230 10.914210 0 8
12.410976 13.061416 9.811738 0 9
12.993463 9.652122 11.395309 0 10
14.546376 11.239529 12.484877 0 11
12.591733 10.859365 10.096371 0 12
S
Coordinates of component   4
10.972953 12.113958 11.523496 0 13

O
Velocities of component   1
13.477713 15.379463 15.871778 0 1
12.838316 15.065258 13.599445 0 2
C
Velocities of component   2
16.632107 15.976546 14.590461 0 3
15.574398 16.442847 13.828786 0 4
16.839846 14.585323 14.720681 0 5
16.015406 13.695876 14.089027 0 6
H
Velocities of component   3
17.180164 16.651700 15.258033 0 7
15.293139 17.494230 13.914210 0 8
15.410976 16.061416 12.811738 0 9
15.993463 12.652122 14.395309 0 10
17.546376 14.239529 15.484877 0 11
15.591733 13.859365 13.096371 0 12
S
Velocities of component   4
13.972953 15.113958 14.523496 0 13
