13
Generated by eOn
O 10.477713 12.379463 12.871778
O 9.838316 12.065258 10.599445
C 13.632107 12.976546 11.590461
C 12.574398 13.442847 10.828786
C 13.839846 11.585323 11.720681
C 13.015406 10.695876 11.089027
H 14.180164 13.651700 12.258033
H 12.293139 14.494230 10.914210
H 12.410976 13.061416 9.811738
H 12.993463 9.652122 11.395309
H 14.546376 11.239529 12.484877
H 12.591733 10.859365 10.096371
S 10.972953 12.113958 11.523496
