matter


[0] = Matter has: 
Number of atoms: 
13
Cell: 
25  0  0
 0 25  0
 0  0 25
Potential calls: 
0
Positions: 
10.477713 12.379463 12.871778
 9.838316 12.065258 10.599445
13.632107 12.976546 11.590461
12.574398 13.442847 10.828786
13.839846 11.585323 11.720681
13.015406 10.695876 11.089027
14.180164   13.6517 12.258033
12.293139  14.49423  10.91421
12.410976 13.061416  9.811738
12.993463  9.652122 11.395309
14.546376 11.239529 12.484877
12.591733 10.859365 10.096371
10.972953 12.113958 11.523496
Positions (Vector): 
10.4777 12.3795 12.8718 9.83832 12.0653 10.5994 13.6321 12.9765 11.5905 12.5744 13.4428 10.8288 13.8398 11.5853 11.7207 13.0154 10.6959 11.089 14.1802 13.6517 12.258 12.2931 14.4942 10.9142 12.411 13.0614 9.81174 12.9935 9.65212 11.3953 14.5464 11.2395 12.4849 12.5917 10.8594 10.0964 10.973 12.114 11.5235
Positions (Free): 
12.574398 13.442847 10.828786
13.839846 11.585323 11.720681
13.015406 10.695876 11.089027
14.180164   13.6517 12.258033
12.293139  14.49423  10.91421
12.410976 13.061416  9.811738
12.993463  9.652122 11.395309
14.546376 11.239529 12.484877
12.591733 10.859365 10.096371
10.972953 12.113958 11.523496
Positions (Free Vector): 
12.5744 13.4428 10.8288 13.8398 11.5853 11.7207 13.0154 10.6959 11.089 14.1802 13.6517 12.258 12.2931 14.4942 10.9142 12.411 13.0614 9.81174 12.9935 9.65212 11.3953 14.5464 11.2395 12.4849 12.5917 10.8594 10.0964 10.973 12.114 11.5235
Velocities: 
0 0 0
0 0 0
0 0 0
0 0 0
0 0 0
0 0 0
0 0 0
0 0 0
0 0 0
0 0 0
0 0 0
0 0 0
0 0 0
Forces: 
           0            0            0
           0            0            0
           0            0            0
   2.2379654   -2.4027761    2.5039616
  -2.7115341   0.97260263    -2.417781
   2.1495273    3.6240406    2.3242048
  0.82366105    1.0294168    1.0403262
 -0.48858178    1.8617267  0.036945047
 -0.23474375  -0.46039658   -1.2106122
-0.065038593   -2.2484176   0.56023117
   1.0383193   -0.5129147    1.1574891
 -0.81312159   0.31096861   -1.7894098
  -1.2819557   0.25061051   0.30807049
Forces (Vector): 
0 0 0 0 0 0 0 0 0 2.23797 -2.40278 2.50396 -2.71153 0.972603 -2.41778 2.14953 3.62404 2.3242 0.823661 1.02942 1.04033 -0.488582 1.86173 0.036945 -0.234744 -0.460397 -1.21061 -0.0650386 -2.24842 0.560231 1.03832 -0.512915 1.15749 -0.813122 0.310969 -1.78941 -1.28196 0.250611 0.30807
Forces (Free): 
   2.2379654   -2.4027761    2.5039616
  -2.7115341   0.97260263    -2.417781
   2.1495273    3.6240406    2.3242048
  0.82366105    1.0294168    1.0403262
 -0.48858178    1.8617267  0.036945047
 -0.23474375  -0.46039658   -1.2106122
-0.065038593   -2.2484176   0.56023117
   1.0383193   -0.5129147    1.1574891
 -0.81312159   0.31096861   -1.7894098
  -1.2819557   0.25061051   0.30807049
Forces (Free Vector): 
2.23797 -2.40278 2.50396 -2.71153 0.972603 -2.41778 2.14953 3.62404 2.3242 0.823661 1.02942 1.04033 -0.488582 1.86173 0.036945 -0.234744 -0.460397 -1.21061 -0.0650386 -2.24842 0.560231 1.03832 -0.512915 1.15749 -0.813122 0.310969 -1.78941 -1.28196 0.250611 0.30807
Masses: 
15.999
15.999
12.011
12.011
12.011
12.011
 1.008
 1.008
 1.008
 1.008
 1.008
 1.008
 32.06
Atomic Numbers: 
 8
 8
 6
 6
 6
 6
 1
 1
 1
 1
 1
 1
16
Fixed Atoms: 
0
Energy Variance: 
0
Potential Energy: 
-8.9245539
Kinetic Energy: 
0
Mechanical Energy: 
-8.9245539
Number of Free Atoms: 
10
Number of Fixed Atoms: 
3
Maximum Force: 
4.812075
Free (Matrix): 
0 0 0
0 0 0
0 0 0
1 1 1
1 1 1
1 1 1
1 1 1
1 1 1
1 1 1
1 1 1
1 1 1
1 1 1
1 1 1
Free (Vector): 
0 0 0 0 0 0 0 0 0 1 1 1 1 1 1 1 1 1 1 1 1 1 1 1 1 1 1 1 1 1 1 1 1 1 1 1 1 1 1
Distance to self: 
0
Per atom norm with self: 
0
Position of atom 0, axis 0: 
10.477713
Mass of atom 0: 
15.999
Atomic number of atom 0: 
8
Is atom 0 fixed: 
1
Distance between atoms 0 and 1: 
2.3813968
P-distance between atoms 0 and 1, axis 0: 
0.639397
Distance between same atom in two configurations: 
0
PBC Matrix: 

PBC Vector: 



