Generated by eOn

25.000000	25.000000	25.000000
90.000000	90.000000	90.000000


4d
2d 4d 6d 1d 
15.990000 12.011000 1.008000 32.065000 
O
Coordinates of Component 1d
  10.47771299999999961   12.37946300000000122   12.87177800000000083 1    0
   9.83831600000000250   12.06525800000000004   10.59944499999999579 1    1
C
Coordinates of Component 2d
  13.63210699999999953   12.97654599999999903   11.59046099999999591 1    2
  12.57439799999999863   13.44284700000000221   10.82878600000000091 0    3
  13.83984599999999965   11.58532300000000248   11.72068099999999902 0    4
  13.01540600000000225   10.69587599999999838   11.08902700000000152 0    5
H
Coordinates of Component 3d
  14.18016400000000132   13.65169999999999995   12.25803300000000107 0    6
  12.29313899999999649   14.49422999999999639   10.91421000000000241 0    7
  12.41097600000000156   13.06141600000000302    9.81173800000000362 0    8
  12.99346300000000021    9.65212200000000209   11.39530899999999747 0    9
  14.54637600000000042   11.23952899999999744   12.48487699999999911 0   10
  12.59173299999999962   10.85936499999999860   10.09637099999999776 0   11
S
Coordinates of Component 4d
  10.97295300000000218   12.11395800000000200   11.52349599999999974 0   12

